// Jest Snapshot v1, https://goo.gl/fbAQLP

exports[`ChatList shows the correct snapshot tree for the ChatList component 1`] = `<div />`;
