// Jest Snapshot v1, https://goo.gl/fbAQLP

exports[`Message shows the correct snapshot tree for the Message component 1`] = `
<div
  className="css-17cr7tx"
>
  <div
    className="css-in3yi3"
  >
    foo@test.com
  </div>
  test
</div>
`;
