// Jest Snapshot v1, https://goo.gl/fbAQLP

exports[`MessageList shows the correct snapshot tree for the MessageList component 1`] = `<div />`;
